Input: 
(100yards, 100)(10s, 0)
Normalized: 
(100yards, 100)
(10sec, 0)
AST: 
ArrayInterval(
	SimpleInterval(100yards, 100%, )
	SimpleInterval(10sec, 0%, )
)
IF (Avg): 0.9459053029269173
TSS2: 2.5
Dominant Unit: %
Pretty Print:
	* 100 on 1'25''
	* 10'' rest
Duration (Sec): 95
----------------------------
Input: 
(10min, *, TT)
Normalized: 
(10min, *, TT)
AST: 
ArrayInterval(
	SimpleInterval(10min, *, TT)
)
IF (Avg): 0.5
TSS2: 4.2
Dominant Unit: free-ride
Pretty Print:
	* 10' TT
Duration Unit: min
Duration (Sec): 600
----------------------------
Input: 
(500y, 100, free)
Normalized: 
(500yards, 100, free)
AST: 
ArrayInterval(
	SimpleInterval(500yards, 100%, free)
)
IF (Avg): 1
TSS2: 11.8
Dominant Unit: %
Pretty Print:
	* 500 free on 7'05''
Duration Unit: yards
Yards: 500
Duration (Sec): 425
----------------------------
Input: 
2[(200yards, 100, neg split, 30s)]
Normalized: 
2[(200yards, 100, neg split, 30sec)]
AST: 
ArrayInterval(
	RepeatInterval(count=2, 
		SimpleInterval(200yards, 100%, neg split, 30sec)
	)
)
IF (Avg): 1
TSS2: 11.1
Dominant Unit: %
Pretty Print:
	* 2 x 200 neg split on 2'50'' off 3'20''
Duration Unit: yards
Yards: 400
Duration (Sec): 400
----------------------------
Input: 
(500y, *, free)
Normalized: 
(500yards, *, free)
AST: 
ArrayInterval(
	SimpleInterval(500yards, *, free)
)
IF (Avg): 0.5
TSS2: 5.9
Dominant Unit: free-ride
Pretty Print:
	* 500 free
Duration Unit: yards
Yards: 500
Duration (Sec): 850
----------------------------
Input: 
(500yards, 90, 50sec, warmup)
Normalized: 
(500yards, 90, warmup, 50sec)
AST: 
ArrayInterval(
	SimpleInterval(500yards, 90%, warmup, 50sec)
)
IF (Avg): 0.9000000000000001
TSS2: 11.8
Dominant Unit: %
Pretty Print:
	* 500 warmup on 7'52'' off 8'42''
Duration Unit: yards
Yards: 500
Duration (Sec): 522.2222222222222
----------------------------
Input: 
(400yards, +10s, 30sec, warmup)
Normalized: 
(400yards, +10s, warmup, 30sec)
AST: 
ArrayInterval(
	SimpleInterval(400yards, CSS+10, warmup, 30sec)
)
IF (Avg): 0.8947368421052629
TSS2: 9.2
Dominant Unit: offset-seconds
Pretty Print:
	* 400 warmup on 6'20'' off 6'50'' (+10)
Duration Unit: yards
Yards: 400
Duration (Sec): 410.0000000000001
----------------------------
Input: 
"Comment 123"
Normalized: 
"Comment 123"
AST: 
ArrayInterval(
	Comment(Comment 123)
)
IF (Avg): 0
TSS2: 0
Duration (Sec): 0
----------------------------
Input: 
(10min, 100, 2min, CSS)
Normalized: 
(10min, 100, CSS, 2min)
AST: 
ArrayInterval(
	SimpleInterval(10min, 100%, CSS, 2min)
)
IF (Avg): 1
TSS2: 20
Dominant Unit: %
Pretty Print:
	* 10' CSS on 10' off 12'
Duration Unit: min
Duration (Sec): 720
----------------------------
Input: 
(500m, 100, warmup)
Normalized: 
(500m, 100, warmup)
AST: 
ArrayInterval(
	SimpleInterval(500m, 100%, warmup)
)
IF (Avg): 1
TSS2: 12.9
Dominant Unit: %
Pretty Print:
	* 500 warmup on 7'44''
Duration Unit: m
Meters: 500
Duration (Sec): 464.7856517935258
----------------------------
Input: 
(500m, warmup, 100)
Normalized: 
(500m, 100, warmup)
AST: 
ArrayInterval(
	SimpleInterval(500m, 100%, warmup)
)
IF (Avg): 1
TSS2: 12.9
Dominant Unit: %
Pretty Print:
	* 500 warmup on 7'44''
Duration Unit: m
Meters: 500
Duration (Sec): 464.7856517935258
----------------------------
Input: 
(500m, 100, warmup), (200m, 80, easy)
Normalized: 
(500m, 100, warmup)
(200m, 80, easy)
AST: 
ArrayInterval(
	SimpleInterval(500m, 100%, warmup)
	SimpleInterval(200m, 80%, easy)
)
IF (Avg): 0.938083151964686
TSS2: 16.4
Dominant Unit: %
Pretty Print:
	* 500 warmup on 7'44''
	* 200 easy on 3'52''
Duration Unit: m
Meters: 700
Duration (Sec): 697.1784776902887
----------------------------
Input: 
(500yards, 100, warmup)
Normalized: 
(500yards, 100, warmup)
AST: 
ArrayInterval(
	SimpleInterval(500yards, 100%, warmup)
)
IF (Avg): 1
TSS2: 11.8
Dominant Unit: %
Pretty Print:
	* 500 warmup on 7'05''
Duration Unit: yards
Yards: 500
Duration (Sec): 425
----------------------------
Input: 
(500yards, warmup, 100)
Normalized: 
(500yards, 100, warmup)
AST: 
ArrayInterval(
	SimpleInterval(500yards, 100%, warmup)
)
IF (Avg): 1
TSS2: 11.8
Dominant Unit: %
Pretty Print:
	* 500 warmup on 7'05''
Duration Unit: yards
Yards: 500
Duration (Sec): 425
----------------------------
Input: 
(500yards, 90, 50s, warmup)
Normalized: 
(500yards, 90, warmup, 50sec)
AST: 
ArrayInterval(
	SimpleInterval(500yards, 90%, warmup, 50sec)
)
IF (Avg): 0.9000000000000001
TSS2: 11.8
Output Unit: /100yards
Pretty Print:
	* 500 warmup on 7'52'' off 8'42'' (1:34/100yards)
Duration Unit: yards
Yards: 500
Duration (Sec): 522.2222222222222
----------------------------
Input: 
(100yards, 100, 10s, strong)
Normalized: 
(100yards, 100, strong, 10sec)
AST: 
ArrayInterval(
	SimpleInterval(100yards, 100%, strong, 10sec)
)
IF (Avg): 1
TSS2: 2.6
Output Unit: /100yards
Pretty Print:
	* 100 strong on 1'25'' off 1'35''
Duration Unit: yards
Yards: 100
Duration (Sec): 95
----------------------------
Input: 
(500yards, +10, 50s, warmup)
Normalized: 
(500yards, +10s, warmup, 50sec)
AST: 
ArrayInterval(
	SimpleInterval(500yards, CSS+10, warmup, 50sec)
)
IF (Avg): 0.8947368421052629
TSS2: 11.7
Output Unit: /100yards
Pretty Print:
	* 500 warmup on 7'55'' off 8'45'' (1:35/100yards)
Duration Unit: yards
Yards: 500
Duration (Sec): 525.0000000000001
----------------------------
Input: 
(500yards, 50s, warmup)
Normalized: 
(500yards, warmup, 50sec)
AST: 
ArrayInterval(
	SimpleInterval(500yards, , warmup, 50sec)
)
IF (Avg): 0.01
TSS2: 0
Output Unit: /100yards
Pretty Print:
	* 500 warmup w/ 50'' rest
Duration Unit: yards
Yards: 500
Duration (Sec): 42550
----------------------------
Input: 
(500yards, -5, 50s, warmup)
Normalized: 
(500yards, +-5s, warmup, 50sec)
AST: 
ArrayInterval(
	SimpleInterval(500yards, CSS-5, warmup, 50sec)
)
IF (Avg): 1.0624999999999998
TSS2: 14.6
Output Unit: /100yards
Pretty Print:
	* 500 warmup on 6'40'' off 7'30'' (1:20/100yards)
Duration Unit: yards
Yards: 500
Duration (Sec): 450
----------------------------
Input: 
(500yards, -10, 50s, warmup)
Normalized: 
(500yards, +-10s, warmup, 50sec)
AST: 
ArrayInterval(
	SimpleInterval(500yards, CSS-10, warmup, 50sec)
)
IF (Avg): 1.1333333333333333
TSS2: 14.7
Output Unit: /100yards
Pretty Print:
	* 500 warmup on 6'14'' off 7'04'' (1:15/100yards)
Duration Unit: yards
Yards: 500
Duration (Sec): 424.99999999999994
----------------------------
Input: 
(500yards, 50s, warmup)
Normalized: 
(500yards, warmup, 50sec)
AST: 
ArrayInterval(
	SimpleInterval(500yards, , warmup, 50sec)
)
IF (Avg): 0.01
TSS2: 0
Dominant Unit: %
Pretty Print:
	* 500 warmup w/ 50'' rest
Duration Unit: yards
Yards: 500
Duration (Sec): 42550
----------------------------
Input: 
(500yards, +10, 50s, warmup)
Normalized: 
(500yards, +10s, warmup, 50sec)
AST: 
ArrayInterval(
	SimpleInterval(500yards, CSS+10, warmup, 50sec)
)
IF (Avg): 0.8947368421052629
TSS2: 11.7
Dominant Unit: offset-seconds
Pretty Print:
	* 500 warmup on 7'55'' off 8'45'' (+10)
Duration Unit: yards
Yards: 500
Duration (Sec): 525.0000000000001
----------------------------
Input: 
(100yards, -5, 15s, strong)
Normalized: 
(100yards, +-5s, strong, 15sec)
AST: 
ArrayInterval(
	SimpleInterval(100yards, CSS-5, strong, 15sec)
)
IF (Avg): 1.0624999999999998
TSS2: 3.1
Dominant Unit: offset-seconds
Pretty Print:
	* 100 strong on 1'20'' off 1'35''
Duration Unit: yards
Yards: 100
Duration (Sec): 95.00000000000001
----------------------------
Input: 
(100yards, +0, 20s, strong)
Normalized: 
(100yards, +0s, strong, 20sec)
AST: 
ArrayInterval(
	SimpleInterval(100yards, CSS, strong, 20sec)
)
IF (Avg): 1
TSS2: 2.9
Dominant Unit: offset-seconds
Pretty Print:
	* 100 strong on 1'25'' off 1'45''
Duration Unit: yards
Yards: 100
Duration (Sec): 105
----------------------------
Input: 
(100yards, -0, 5s, strong)
Normalized: 
(100yards, +0s, strong, 5sec)
AST: 
ArrayInterval(
	SimpleInterval(100yards, CSS, strong, 5sec)
)
IF (Avg): 1
TSS2: 2.5
Dominant Unit: offset-seconds
Pretty Print:
	* 100 strong on 1'25'' off 1'30''
Duration Unit: yards
Yards: 100
Duration (Sec): 90
----------------------------
Input: 
(400yards, free)
Normalized: 
(400yards, free)
AST: 
ArrayInterval(
	SimpleInterval(400yards, , free)
)
IF (Avg): 0.01
TSS2: 0
Dominant Unit: %
Pretty Print:
	* 400 free
Duration Unit: yards
Yards: 400
Duration (Sec): 34000
----------------------------
Input: 
(300yards, pull)
Normalized: 
(300yards, pull)
AST: 
ArrayInterval(
	SimpleInterval(300yards, , pull)
)
IF (Avg): 0.01
TSS2: 0
Dominant Unit: %
Pretty Print:
	* 300 pull
Duration Unit: yards
Yards: 300
Duration (Sec): 25500
----------------------------
Input: 
(300yards, pull, 10s)
Normalized: 
(300yards, pull, 10sec)
AST: 
ArrayInterval(
	SimpleInterval(300yards, , pull, 10sec)
)
IF (Avg): 0.01
TSS2: 0
Dominant Unit: %
Pretty Print:
	* 300 pull w/ 10'' rest
Duration Unit: yards
Yards: 300
Duration (Sec): 25510
----------------------------
Input: 
(300yards, +0, Tempo trainer)
Normalized: 
(300yards, +0s, Tempo trainer)
AST: 
ArrayInterval(
	SimpleInterval(300yards, CSS, Tempo trainer)
)
IF (Avg): 1
TSS2: 7.1
Output Unit: /25yards
Pretty Print:
	* 300 Tempo trainer on 4'15'' (0:21/25yards)
Duration Unit: yards
Yards: 300
Duration (Sec): 255
----------------------------
Input: 
(5min, 40)
(30sec, 40, easy)
8[(30s, descend 1-4), (10s, 40)]
(30sec, 40, put door on 3)
10[(60s, 100, LC), (20s, easy)]
(30sec, 40, put door on 1)
10[(120s, 85), (20sec, 40, easy)]
(2min, 40, easy)
5[(30s, 110, fast), (30s, easy)]
(5min, 40, easy)
-Normalized: 
(5min, 40)
(30sec, 40, easy)
8[(30sec, descend 1-4), (10sec, 40)]
(30sec, 40, put door on 3)
10[(1min, 100, LC), (20sec, easy)]
(30sec, 40, put door on 1)
10[(2min, 85), (20sec, 40, easy)]
(2min, 40, easy)
5[(30sec, 110, fast), (30sec, easy)]
(5min, 40, easy)
AST: 
ArrayInterval(
	SimpleInterval(5min, 40%, )
	SimpleInterval(30sec, 40%, easy)
	RepeatInterval(count=8, 
		SimpleInterval(30sec, , descend 1-4)
		SimpleInterval(10sec, 40%, )
	)
	SimpleInterval(30sec, 40%, put door on 3)
	RepeatInterval(count=10, 
		SimpleInterval(1min, 100%, LC)
		SimpleInterval(20sec, , easy)
	)
	SimpleInterval(30sec, 40%, put door on 1)
	RepeatInterval(count=10, 
		SimpleInterval(2min, 85%, )
		SimpleInterval(20sec, 40%, easy)
	)
	SimpleInterval(2min, 40%, easy)
	RepeatInterval(count=5, 
		SimpleInterval(30sec, 110%, fast)
		SimpleInterval(30sec, , easy)
	)
	SimpleInterval(5min, 40%, easy)
)
IF (Avg): 0.708655460702499
TSS2: 57.2
Dominant Unit: %
Pretty Print:
	* 5' on 5'
	* 30'' easy on 30''
	* 8 x (30'' descend 1-4 - 10'' on 10'')
	* 30'' put door on 3 on 30''
	* 10 x 1' LC on 1' - 20'' easy
	* 30'' put door on 1 on 30''
	* 10 x 2' on 2' - 20'' @ 40%
	* 2' easy on 2'
	* 5 x 30'' fast on 30'' - 30'' easy
	* 5' easy on 5'
Duration (Sec): 3630
----------------------------
Input: 
(5min, 50)
(5min, 65)
(5min, 90)
(5min, 90, 95)
3[(5min, 90, 95, 100), (30s, easy)]
2[(5min, 90), (30s, easy)]
-Normalized: 
(5min, 50)
(5min, 65)
(5min, 90)
(5min, 90, 95)
3[(5min, 90, 95, 100), (30sec, easy)]
2[(5min, 90), (30sec, easy)]
AST: 
ArrayInterval(
	SimpleInterval(5min, 50%, )
	SimpleInterval(5min, 65%, )
	SimpleInterval(5min, 90%, )
	RampBuildInterval(5min, 90%, 95%, , )
	StepBuildInterval(
		SimpleInterval(5min, 90%, )
		SimpleInterval(5min, 95%, )
		SimpleInterval(5min, 100%, )
		SimpleInterval(30sec, , easy)
	)
	RepeatInterval(count=2, 
		SimpleInterval(5min, 90%, )
		SimpleInterval(30sec, , easy)
	)
)
IF (Avg): 0.848917617053206
TSS2: 60.5
Output Unit: w
Pretty Print:
	* 5' @ 50w
	* 5' @ 65w
	* 5' @ 90w
	* 5' build from 90w to 95w
	* 3 x 5' - w/ 30'' easy (90w, 95w, 100w)
	* 2 x 5' @ 90w - 30'' easy
Duration (Sec): 2850
----------------------------
Input: 
(10min, easy)
Normalized: 
(10min, easy)
AST: 
ArrayInterval(
	SimpleInterval(10min, , easy)
)
IF (Avg): 0.01
TSS2: 0
Output Unit: w
Pretty Print:
	* 10' easy
Duration Unit: min
Duration (Sec): 600
----------------------------
Input: 
(10s, change to dd3)
Normalized: 
(10sec, change to dd3)
AST: 
ArrayInterval(
	SimpleInterval(10sec, , change to dd3)
)
IF (Avg): 0.01
TSS2: 0
Output Unit: w
Pretty Print:
	* 10'' change to dd3
Duration Unit: s
Duration (Sec): 10
----------------------------
Input: 
5[(1min, double arm, 15s)]
Normalized: 
5[(1min, double arm, 15sec)]
AST: 
ArrayInterval(
	RepeatInterval(count=5, 
		SimpleInterval(1min, , double arm, 15sec)
	)
)
IF (Avg): 0.01
TSS2: 0
Dominant Unit: %
Pretty Print:
	* 5 x 1' double arm w/ 15'' rest
Duration Unit: min
Duration (Sec): 375
----------------------------
Input: 
8[(1min, 100w, 105w, 30s)]
Normalized: 
8[(1min, 100, 105)]
AST: 
ArrayInterval(
	RepeatInterval(count=8, 
		RampBuildInterval(1min, 100w, 105w, , 30sec)
	)
)
IF (Avg): 1.0253048327204939
TSS2: 20.5
Dominant Unit: w
Pretty Print:
	* 8 x 1' build from 100w to 105w
Duration Unit: min
Duration (Sec): 720
----------------------------
Input: 
2[(150s, alternate arm, 30s)]
Normalized: 
2[(2:30min, alternate arm, 30sec)]
AST: 
ArrayInterval(
	RepeatInterval(count=2, 
		SimpleInterval(2:30min, , alternate arm, 30sec)
	)
)
IF (Avg): 0.01
TSS2: 0
Dominant Unit: %
Pretty Print:
	* 2 x 2'30'' alternate arm w/ 30'' rest
Duration Unit: s
Duration (Sec): 360
----------------------------
